// Vitest Snapshot v1, https://vitest.dev/guide/snapshot.html

exports[`should match the routes 1`] = `
[
  /\\^\\\\/credentials\\$/,
  /\\^\\\\/workflows\\$/,
  /\\^\\\\/workflow\\$/,
  /\\^\\\\/workflow\\\\/new\\$/,
  /\\^\\\\/workflow\\\\/\\(\\[\\^/\\]\\+\\)\\\\/debug\\\\/\\(\\[\\^/\\]\\+\\)\\$/,
  /\\^\\\\/workflow\\\\/\\(\\[\\^/\\]\\+\\)\\\\/executions\\$/,
  /\\^\\\\/workflow\\\\/\\(\\[\\^/\\]\\+\\)\\\\/executions\\\\/\\(\\[\\^/\\]\\+\\)\\$/,
  /\\^\\\\/workflow\\\\/\\(\\[\\^/\\]\\+\\)\\\\/history\\\\/\\(\\[\\^/\\]\\+\\)\\$/,
  /\\^\\\\/workflows\\\\/templates\\\\/\\(\\[\\^/\\]\\+\\)\\$/,
]
`;
